2026-04-10 11:39:05.920 [main] INFO  dev.cj.temple.TempleSystemApplication - Starting TempleSystemApplication v1.0.0 using Java 17.0.18 with PID 1 (/app/app.jar started by root in /app)
2026-04-10 11:39:05.927 [main] INFO  dev.cj.temple.TempleSystemApplication - The following 1 profile is active: "prod"
2026-04-10 11:39:07.514 [main] INFO  o.s.d.r.config.RepositoryConfigurationDelegate - Multiple Spring Data modules found, entering strict repository configuration mode
2026-04-10 11:39:07.518 [main] INFO  o.s.d.r.config.RepositoryConfigurationDelegate - Bootstrapping Spring Data JPA repositories in DEFAULT mode.
2026-04-10 11:39:07.711 [main] INFO  o.s.d.r.config.RepositoryConfigurationDelegate - Finished Spring Data repository scanning in 183 ms. Found 3 JPA repository interfaces.
2026-04-10 11:39:08.727 [main] INFO  o.s.boot.web.embedded.tomcat.TomcatWebServer - Tomcat initialized with port 8080 (http)
2026-04-10 11:39:08.741 [main] INFO  org.apache.catalina.core.StandardService - Starting service [Tomcat]
2026-04-10 11:39:08.742 [main] INFO  org.apache.catalina.core.StandardEngine - Starting Servlet engine: [Apache Tomcat/10.1.19]
2026-04-10 11:39:08.794 [main] INFO  o.a.c.c.C.[Tomcat].[localhost].[/system] - Initializing Spring embedded WebApplicationContext
2026-04-10 11:39:08.795 [main] INFO  o.s.b.w.s.c.ServletWebServerApplicationContext - Root WebApplicationContext: initialization completed in 2729 ms
2026-04-10 11:39:09.596 [main] INFO  org.hibernate.jpa.internal.util.LogHelper - HHH000204: Processing PersistenceUnitInfo [name: default]
2026-04-10 11:39:09.697 [main] INFO  org.hibernate.Version - HHH000412: Hibernate ORM core version 6.4.4.Final
2026-04-10 11:39:09.755 [main] INFO  o.hibernate.cache.internal.RegionFactoryInitiator - HHH000026: Second-level cache disabled
2026-04-10 11:39:10.119 [main] INFO  o.s.o.j.persistenceunit.SpringPersistenceUnitInfo - No LoadTimeWeaver setup: ignoring JPA class transformer
2026-04-10 11:39:10.306 [main] INFO  com.alibaba.druid.pool.DruidDataSource - {dataSource-1} inited
2026-04-10 11:39:12.041 [main] INFO  o.h.e.t.jta.platform.internal.JtaPlatformInitiator - HHH000489: No JTA platform available (set 'hibernate.transaction.jta.platform' to enable JTA platform integration)
2026-04-10 11:39:12.158 [main] INFO  o.s.orm.jpa.LocalContainerEntityManagerFactoryBean - Initialized JPA EntityManagerFactory for persistence unit 'default'
2026-04-10 11:39:13.165 [main] WARN  o.s.b.a.o.j.JpaBaseConfiguration$JpaWebConfiguration - spring.jpa.open-in-view is enabled by default. Therefore, database queries may be performed during view rendering. Explicitly configure spring.jpa.open-in-view to disable this warning
2026-04-10 11:39:13.765 [main] INFO  o.s.security.web.DefaultSecurityFilterChain - Will secure any request with [org.springframework.security.web.session.DisableEncodeUrlFilter@335ff774, org.springframework.security.web.context.request.async.WebAsyncManagerIntegrationFilter@386b4f7e, org.springframework.security.web.context.SecurityContextHolderFilter@238cac6, org.springframework.security.web.header.HeaderWriterFilter@2812368, org.springframework.web.filter.CorsFilter@4c131823, org.springframework.security.web.authentication.logout.LogoutFilter@fcee97c, dev.cj.temple.auth.security.JwtAuthenticationFilter@30cafd13, org.springframework.security.web.savedrequest.RequestCacheAwareFilter@45cce4c2, org.springframework.security.web.servletapi.SecurityContextHolderAwareRequestFilter@9d4d221, org.springframework.security.web.authentication.AnonymousAuthenticationFilter@2453cbb7, org.springframework.security.web.session.SessionManagementFilter@2b57dc2, org.springframework.security.web.access.ExceptionTranslationFilter@f359e65, org.springframework.security.web.access.intercept.AuthorizationFilter@2f349170]
2026-04-10 11:39:14.386 [main] INFO  o.s.boot.web.embedded.tomcat.TomcatWebServer - Tomcat started on port 8080 (http) with context path '/system'
2026-04-10 11:39:14.406 [main] INFO  dev.cj.temple.TempleSystemApplication - Started TempleSystemApplication in 9.47 seconds (process running for 10.279)
2026-04-10 11:39:14.413 [main] INFO  dev.cj.temple.TempleSystemApplication - =================================================
2026-04-10 11:39:14.413 [main] INFO  dev.cj.temple.TempleSystemApplication - 应用启动成功!
2026-04-10 11:39:14.415 [main] INFO  dev.cj.temple.TempleSystemApplication - Knife4j API 文档地址：http://localhost:8080/system/doc.html
2026-04-10 11:39:14.416 [main] INFO  dev.cj.temple.TempleSystemApplication - =================================================
2026-04-10 11:39:34.237 [http-nio-8080-exec-1] INFO  o.a.c.c.C.[Tomcat].[localhost].[/system] - Initializing Spring DispatcherServlet 'dispatcherServlet'
2026-04-10 11:39:34.238 [http-nio-8080-exec-1] INFO  org.springframework.web.servlet.DispatcherServlet - Initializing Servlet 'dispatcherServlet'
2026-04-10 11:39:34.240 [http-nio-8080-exec-1] INFO  org.springframework.web.servlet.DispatcherServlet - Completed initialization in 2 ms
2026-04-10 11:42:17.502 [http-nio-8080-exec-7] INFO  org.springdoc.api.AbstractOpenApiResource - Init duration for springdoc-openapi is: 1042 ms
2026-04-10 11:43:34.537 [SpringApplicationShutdownHook] INFO  o.s.orm.jpa.LocalContainerEntityManagerFactoryBean - Closing JPA EntityManagerFactory for persistence unit 'default'
2026-04-10 11:43:34.541 [SpringApplicationShutdownHook] INFO  com.alibaba.druid.pool.DruidDataSource - {dataSource-1} closing ...
2026-04-10 11:43:34.546 [SpringApplicationShutdownHook] INFO  com.alibaba.druid.pool.DruidDataSource - {dataSource-1} closed
2026-04-10 13:49:31.682 [main] INFO  dev.cj.temple.TempleSystemApplication - Starting TempleSystemApplication v1.0.0 using Java 17.0.18 with PID 1 (/app/app.jar started by root in /app)
2026-04-10 13:49:31.690 [main] INFO  dev.cj.temple.TempleSystemApplication - The following 1 profile is active: "prod"
2026-04-10 13:49:33.692 [main] INFO  o.s.d.r.config.RepositoryConfigurationDelegate - Multiple Spring Data modules found, entering strict repository configuration mode
2026-04-10 13:49:33.696 [main] INFO  o.s.d.r.config.RepositoryConfigurationDelegate - Bootstrapping Spring Data JPA repositories in DEFAULT mode.
2026-04-10 13:49:33.924 [main] INFO  o.s.d.r.config.RepositoryConfigurationDelegate - Finished Spring Data repository scanning in 213 ms. Found 3 JPA repository interfaces.
2026-04-10 13:49:35.466 [main] INFO  o.s.boot.web.embedded.tomcat.TomcatWebServer - Tomcat initialized with port 8080 (http)
2026-04-10 13:49:35.490 [main] INFO  org.apache.catalina.core.StandardService - Starting service [Tomcat]
2026-04-10 13:49:35.491 [main] INFO  org.apache.catalina.core.StandardEngine - Starting Servlet engine: [Apache Tomcat/10.1.19]
2026-04-10 13:49:35.580 [main] INFO  o.a.c.c.C.[Tomcat].[localhost].[/system] - Initializing Spring embedded WebApplicationContext
2026-04-10 13:49:35.583 [main] INFO  o.s.b.w.s.c.ServletWebServerApplicationContext - Root WebApplicationContext: initialization completed in 3689 ms
2026-04-10 13:49:37.146 [main] INFO  org.hibernate.jpa.internal.util.LogHelper - HHH000204: Processing PersistenceUnitInfo [name: default]
2026-04-10 13:49:37.541 [main] INFO  org.hibernate.Version - HHH000412: Hibernate ORM core version 6.4.4.Final
2026-04-10 13:49:37.651 [main] INFO  o.hibernate.cache.internal.RegionFactoryInitiator - HHH000026: Second-level cache disabled
2026-04-10 13:49:38.359 [main] INFO  o.s.o.j.persistenceunit.SpringPersistenceUnitInfo - No LoadTimeWeaver setup: ignoring JPA class transformer
2026-04-10 13:49:38.702 [main] INFO  com.alibaba.druid.pool.DruidDataSource - {dataSource-1} inited
2026-04-10 13:49:41.892 [main] INFO  o.h.e.t.jta.platform.internal.JtaPlatformInitiator - HHH000489: No JTA platform available (set 'hibernate.transaction.jta.platform' to enable JTA platform integration)
2026-04-10 13:49:42.082 [main] INFO  o.s.orm.jpa.LocalContainerEntityManagerFactoryBean - Initialized JPA EntityManagerFactory for persistence unit 'default'
2026-04-10 13:49:43.236 [main] WARN  o.s.b.a.o.j.JpaBaseConfiguration$JpaWebConfiguration - spring.jpa.open-in-view is enabled by default. Therefore, database queries may be performed during view rendering. Explicitly configure spring.jpa.open-in-view to disable this warning
2026-04-10 13:49:43.885 [main] INFO  o.s.security.web.DefaultSecurityFilterChain - Will secure any request with [org.springframework.security.web.session.DisableEncodeUrlFilter@2f349170, org.springframework.security.web.context.request.async.WebAsyncManagerIntegrationFilter@15ec3c0c, org.springframework.security.web.context.SecurityContextHolderFilter@2b57dc2, org.springframework.security.web.header.HeaderWriterFilter@21a1554, org.springframework.web.filter.CorsFilter@323b5264, org.springframework.security.web.authentication.logout.LogoutFilter@5eabcf77, dev.cj.temple.auth.security.JwtAuthenticationFilter@7cca31fc, org.springframework.security.web.savedrequest.RequestCacheAwareFilter@67857a20, org.springframework.security.web.servletapi.SecurityContextHolderAwareRequestFilter@238cac6, org.springframework.security.web.authentication.AnonymousAuthenticationFilter@335ff774, org.springframework.security.web.session.SessionManagementFilter@240a717d, org.springframework.security.web.access.ExceptionTranslationFilter@48a32c4f, org.springframework.security.web.access.intercept.AuthorizationFilter@1cb4cad0]
2026-04-10 13:49:44.726 [main] INFO  o.s.boot.web.embedded.tomcat.TomcatWebServer - Tomcat started on port 8080 (http) with context path '/system'
2026-04-10 13:49:44.748 [main] INFO  dev.cj.temple.TempleSystemApplication - Started TempleSystemApplication in 14.096 seconds (process running for 15.236)
2026-04-10 13:49:44.757 [main] INFO  dev.cj.temple.TempleSystemApplication - =================================================
2026-04-10 13:49:44.758 [main] INFO  dev.cj.temple.TempleSystemApplication - 应用启动成功!
2026-04-10 13:49:44.759 [main] INFO  dev.cj.temple.TempleSystemApplication - Knife4j API 文档地址：http://localhost:8080/system/doc.html
2026-04-10 13:49:44.760 [main] INFO  dev.cj.temple.TempleSystemApplication - =================================================
2026-04-10 13:49:59.658 [http-nio-8080-exec-1] INFO  o.a.c.c.C.[Tomcat].[localhost].[/system] - Initializing Spring DispatcherServlet 'dispatcherServlet'
2026-04-10 13:49:59.659 [http-nio-8080-exec-1] INFO  org.springframework.web.servlet.DispatcherServlet - Initializing Servlet 'dispatcherServlet'
2026-04-10 13:49:59.663 [http-nio-8080-exec-1] INFO  org.springframework.web.servlet.DispatcherServlet - Completed initialization in 3 ms
2026-04-10 13:50:27.651 [http-nio-8080-exec-10] INFO  org.springdoc.api.AbstractOpenApiResource - Init duration for springdoc-openapi is: 1250 ms
